{
  "auditReportVersion": 2,
  "vulnerabilities": {
    "adm-zip": {
      "name": "adm-zip",
      "severity": "moderate",
      "isDirect": false,
      "via": [
        {
          "source": 1193734,
          "name": "adm-zip",
          "dependency": "adm-zip",
          "title": "adm-zip extraction follows destination symlinks, allowing arbitrary file overwrite",
          "url": "https://github.com/advisories/GHSA-vwc7-r8mq-g2x9",
          "severity": "moderate",
          "cwe": [
            "CWE-59"
          ],
          "cvss": {
            "score": 6.5,
            "vectorString": "CVSS:3.1/AV:L/AC:L/PR:L/UI:N/S:C/C:N/I:H/A:N"
          },
          "range": ">=0.5.9 <=0.6.0"
        }
      ],
      "effects": [
        "hardhat"
      ],
      "range": ">=0.5.9",
      "nodes": [
        "node_modules/adm-zip"
      ],
      "fixAvailable": {
        "name": "hardhat",
        "version": "3.11.1",
        "isSemVerMajor": true
      }
    },
    "hardhat": {
      "name": "hardhat",
      "severity": "moderate",
      "isDirect": true,
      "via": [
        "adm-zip"
      ],
      "effects": [],
      "range": ">=3.12.0",
      "nodes": [
        "node_modules/hardhat"
      ],
      "fixAvailable": {
        "name": "hardhat",
        "version": "3.11.1",
        "isSemVerMajor": true
      }
    }
  },
  "metadata": {
    "vulnerabilities": {
      "info": 0,
      "low": 0,
      "moderate": 2,
      "high": 0,
      "critical": 0,
      "total": 2
    },
    "dependencies": {
      "prod": 2,
      "dev": 103,
      "optional": 41,
      "peer": 0,
      "peerOptional": 0,
      "total": 104
    }
  }
}
