{"context_allowlisted": true, "files": 203, "bytes": 2193417, "source_sha256": "0e51c1991489359fab772c8cf7c536d3c7873ed172b81ea55e2a16f774b7b2d0"}
DEPRECATED: The legacy builder is deprecated and will be removed in a future release.
            Install the buildx component to build images with BuildKit:
            https://docs.docker.com/go/buildx/

Sending build context to Docker daemon  2.357MB
Step 1/21 : FROM python:3.12-slim@sha256:423ed6ab25b1921a477529254bfeeabf5855151dc2c3141699a1bfc852199fbf AS runtime
 ---> 9cbfea842643
Step 2/21 : ENV PYTHONDONTWRITEBYTECODE=1 PYTHONUNBUFFERED=1 PIP_DISABLE_PIP_VERSION_CHECK=1     PYTHONPATH=/app/apps/api:/app/bridge HOME=/home/agora
 ---> Using cache
 ---> 93f641e129b5
Step 3/21 : WORKDIR /app
 ---> Using cache
 ---> 4332929055d3
Step 4/21 : COPY requirements.txt /app/requirements.txt
 ---> Using cache
 ---> 54934ea3d5a9
Step 5/21 : RUN python -m pip install --no-cache-dir -r requirements.txt     && groupadd --gid 10001 agora     && useradd --uid 10001 --gid 10001 --create-home agora     && mkdir -p /data/artifacts /data/bridge     && chown -R 10001:10001 /data
 ---> Using cache
 ---> 015d7d1f9b8f
Step 6/21 : ARG AGORA_SOURCE_SHA256
 ---> Using cache
 ---> f8dea0ec9db4
Step 7/21 : LABEL org.agora.source-sha256=$AGORA_SOURCE_SHA256
 ---> Using cache
 ---> 60f2936188bb
Step 8/21 : COPY apps/api /app/apps/api
 ---> Using cache
 ---> f923daa87b0f
Step 9/21 : COPY bridge /app/bridge
 ---> Using cache
 ---> 9591807f5951
Step 10/21 : COPY packages/protocol /app/packages/protocol
 ---> Using cache
 ---> bf3664074d95
Step 11/21 : COPY infra/pilot /app/infra/pilot
 ---> Using cache
 ---> fc9d953f1a14
Step 12/21 : USER 10001:10001
 ---> Using cache
 ---> 87328cbb4f63
Step 13/21 : FROM runtime AS api
 ---> 87328cbb4f63
Step 14/21 : ENV AGORA_ARTIFACT_STORE_ROOT=/data/artifacts AGORA_API_PORT=8700
 ---> Using cache
 ---> 147d5fe9a6eb
Step 15/21 : EXPOSE 8700
 ---> Using cache
 ---> e422953ce645
Step 16/21 : HEALTHCHECK --interval=15s --timeout=8s --start-period=30s --retries=3     CMD ["python", "/app/infra/pilot/readiness.py"]
 ---> Using cache
 ---> c8c9685ce692
Step 17/21 : CMD ["python", "-m", "uvicorn", "agora_api.main:app", "--host", "0.0.0.0", "--port", "8700", "--proxy-headers", "--forwarded-allow-ips", "127.0.0.1"]
 ---> Using cache
 ---> 0faebb21409f
Step 18/21 : FROM runtime AS bridge
 ---> 87328cbb4f63
Step 19/21 : ENV AGORA_BRIDGE_HOME=/data/bridge
 ---> Running in 33f6f2255d91
 ---> Removed intermediate container 33f6f2255d91
 ---> a38dbbd4a4ec
Step 20/21 : ENTRYPOINT ["python", "-m", "agora_bridge.cli"]
 ---> Running in 576bf124be43
 ---> Removed intermediate container 576bf124be43
 ---> 9c75e86a2226
Step 21/21 : CMD ["--help"]
 ---> Running in dfe951ec0cbd
 ---> Removed intermediate container dfe951ec0cbd
 ---> 2c8f78bed6a0
Successfully built 2c8f78bed6a0
Successfully tagged agora-pilot-bridge:20260909-local
